{
  "schemaVersion": "pixel-body-eye-production-alpha-v1",
  "method": "Unchanged Nutri 385bdfae pixelate/loadFlatSource; 64px, flat=true, colors=12; fixed Task 3 eye rectangles; no foreground correction",
  "results": [
    {
      "body": "standard",
      "source": "docs/art/flat-source-trial/stage3/solid/orange-white-sleepy-almond-small-fangs-standard.png",
      "sourceSha256": "cb7f7f07ddbfa59897eb9cc90190aeaec4ddca8391450b6eecc2873bda509bde",
      "baseline": "docs/qa/flat-source-trial/stage2/layers/standard/orange-white-small-fangs.png",
      "eyeRectangles": [
        [
          14,
          15,
          23,
          23
        ],
        [
          25,
          15,
          38,
          24
        ]
      ],
      "outsideEyeAlphaMismatches": [
        [
          43,
          21,
          255,
          0
        ],
        [
          56,
          32,
          255,
          0
        ],
        [
          13,
          49,
          255,
          0
        ]
      ],
      "exactAlphaPass": false,
      "productionPngSha256": "ec72886d509a992fab85d366d5fa730fdf0228d8112a480dab58d10a2e1f706e",
      "productionRgbaSha256": "30dae317ad82ad0252af6876a5d370833951eb72e75932a945616bf41f5b4f23",
      "baselinePngSha256": "fec0335aee4cb501aecfa9b986bd849420775461cf335b2958842aefe9d5b791"
    },
    {
      "body": "shortleg-round",
      "source": "docs/art/flat-source-trial/stage3/solid/orange-white-sleepy-almond-small-fangs-shortleg-round.png",
      "sourceSha256": "ba1e40164ba0a1dd3b9631acfc182cda58b26a6f4b732e9cf8c38585b5a7a252",
      "baseline": "docs/qa/flat-source-trial/stage2/layers/shortleg-round/orange-white-small-fangs.png",
      "eyeRectangles": [
        [
          14,
          15,
          23,
          23
        ],
        [
          25,
          15,
          38,
          24
        ]
      ],
      "outsideEyeAlphaMismatches": [],
      "exactAlphaPass": true,
      "productionPngSha256": "cd2e5548c7f45e0776a63d1178e443ba2a0e46afc3d5ee472f5ceb39da0e0656",
      "productionRgbaSha256": "637aac0d617f01e980dfcbcc4ade5009652e472595c64302cd0e7e23c5a01254",
      "baselinePngSha256": "99a3492a4188b39e905c1fa87343541006eefa9b041cb41834d8147387917db6"
    },
    {
      "body": "slender-tall",
      "source": "docs/art/flat-source-trial/stage3/solid/orange-white-sleepy-almond-small-fangs-slender-tall.png",
      "sourceSha256": "7e5878f7f4677293f19c3ff733b4dfe45c621c9340aaf6a911589f77c7b14cff",
      "baseline": "docs/art/flat-source-trial/stage3/solid/orange-white-round-small-fangs-slender-tall.png",
      "eyeRectangles": [
        [
          16,
          14,
          25,
          23
        ],
        [
          26,
          14,
          38,
          23
        ]
      ],
      "outsideEyeAlphaMismatches": [
        [
          39,
          42,
          255,
          0
        ]
      ],
      "exactAlphaPass": false,
      "productionPngSha256": "dbe93e76e88b6c851fb36185c55ae51836e0bc209a30ecc9ee9d58b0c59be2b0",
      "productionRgbaSha256": "3e247ef569808e3a8fc1ed4ee18ac3e774597acd042ff09ab2cc0949b7ecf9b8",
      "baselinePngSha256": "3ea7d5f9d24e6ed2a0bb507f84a315c4509f51ce2b08d331ad898220f5cfaaef"
    }
  ]
}
