{
  "status": "passed-source-checks-art-review-pending",
  "sources": 4,
  "comparisons": [
    {
      "reference": "docs/art/flat-source-trial/stage2/solid/orange-white-small-fangs.png",
      "eyeExclusionRectangles": [
        [
          270,
          295,
          435,
          435
        ],
        [
          510,
          295,
          720,
          435
        ]
      ],
      "outsideEyeSilhouetteIoU": 0.9985907846986734,
      "centroidDelta64px": 0.014668822688665917,
      "outsideEyeForegroundRgbRmse": 4.890288233189933,
      "outsideEyeForegroundPixelsChangedOver12": 22624,
      "outsideEyeForegroundPixels": 805695
    },
    {
      "reference": "docs/art/flat-source-trial/stage2/solid/shortleg-round-orange-white-small-fangs.png",
      "eyeExclusionRectangles": [
        [
          270,
          295,
          435,
          440
        ],
        [
          510,
          295,
          720,
          440
        ]
      ],
      "outsideEyeSilhouetteIoU": 0.9992949318377066,
      "centroidDelta64px": 0.008096883008652337,
      "outsideEyeForegroundRgbRmse": 5.943303652814451,
      "outsideEyeForegroundPixelsChangedOver12": 54160,
      "outsideEyeForegroundPixels": 875893
    },
    {
      "reference": "docs/art/flat-source-trial/stage3/solid/orange-white-round-small-fangs-slender-tall.png",
      "eyeExclusionRectangles": [
        [
          320,
          280,
          465,
          410
        ],
        [
          530,
          280,
          715,
          410
        ]
      ],
      "outsideEyeSilhouetteIoU": 0.9988242220325024,
      "centroidDelta64px": 0.005492304309175701,
      "outsideEyeForegroundRgbRmse": 5.715840525549855,
      "outsideEyeForegroundPixelsChangedOver12": 19812,
      "outsideEyeForegroundPixels": 595500
    }
  ],
  "nutriMappedChecks": [
    {
      "body": "standard",
      "issues": []
    },
    {
      "body": "shortleg-round",
      "issues": []
    }
  ],
  "nutriTrackedFilesUnchanged": true
}
